// Vitest Snapshot v1, https://vitest.dev/guide/snapshot.html

exports[`enforces-shorthand > size shorthand > should report invalid identifiers 1`] = `"<div className="size-1" />"`;

exports[`enforces-shorthand > size shorthand > when another class is in between 1`] = `"<div className="size-1 block" />"`;

exports[`enforces-shorthand > size shorthand > when size is 2 1`] = `"<div className="size-2" />"`;

exports[`enforces-shorthand > size shorthand > when size is non-numeric 1`] = `"<div className="size-auto" />"`;

exports[`enforces-shorthand > size shorthand > when width and height are different 1`] = `"<div className="w-1 h-2" />"`;
